Restore Archived Project report for skeleton
Fri Apr 11 02:32:57 2014
Quartus II Version 9.1 Build 350 03/24/2010 Service Pack 2 SJ Web Edition


---------------------
; Table of Contents ;
---------------------
  1. Legal Notice
  2. Restore Archived Project Summary
  3. Restore Archived Project Messages
  4. Files Restored
  5. Files Not Restored



----------------
; Legal Notice ;
----------------
Copyright (C) 1991-2010 Altera Corporation
Your use of Altera Corporation's design tools, logic functions 
and other software and tools, and its AMPP partner logic 
functions, and any output files from any of the foregoing 
(including device programming or simulation files), and any 
associated documentation or information are expressly subject 
to the terms and conditions of the Altera Program License 
Subscription Agreement, Altera MegaCore Function License 
Agreement, or other applicable license agreement, including, 
without limitation, that your use is for the sole purpose of 
programming logic devices manufactured by Altera and sold by 
Altera or its authorized distributors.  Please refer to the 
applicable agreement for further details.



+-------------------------------------------------------------------------+
; Restore Archived Project Summary                                        ;
+---------------------------------+---------------------------------------+
; Restore Archived Project Status ; Successful - Fri Apr 11 02:32:57 2014 ;
; Revision Name                   ; skeleton                              ;
; Top-level Entity Name           ; skeleton                              ;
; Family                          ; Cyclone II                            ;
+---------------------------------+---------------------------------------+


+-----------------------------------+
; Restore Archived Project Messages ;
+-----------------------------------+
Info: Successfully restored 'C:/Users/talal/Desktop/ECE 350/HW/HW 6/skeleton.qar' into the 'C:/Users/talal/Desktop/ECE 350/HW/HW 6/skeleton_restored/' directory
Info: Generated report 'skeleton.restore.rpt'
Info: Evaluation of Tcl script c:/altera/91sp2/quartus/common/tcl/apps/qpm/qar.tcl was successful
Info: Quartus II Shell was successful. 0 errors, 0 warnings
    Info: Peak virtual memory: 130 megabytes
    Info: Processing ended: Fri Apr 11 02:32:57 2014
    Info: Elapsed time: 00:00:01
    Info: Total CPU time (on all processors): 00:00:01


+------------------------------------------------------------------------+
; Files Restored                                                         ;
+------------------------------------------------------------------------+
; File Name                                                              ;
+------------------------------------------------------------------------+
; Altera_UP_PS2_Command_Out.v                                            ;
; Altera_UP_PS2_Data_In.v                                                ;
; Hexadecimal_To_Seven_Segment.v                                         ;
; PS2_Controller.v                                                       ;
; PS2_Interface.v                                                        ;
; dmem.cmp                                                               ;
; dmem.mif                                                               ;
; dmem.qip                                                               ;
; dmem.v                                                                 ;
; dmem_inst.v                                                            ;
; imem.cmp                                                               ;
; imem.mif                                                               ;
; imem.qip                                                               ;
; imem.v                                                                 ;
; imem_inst.v                                                            ;
; lcd.sv                                                                 ;
; pll.bsf                                                                ;
; pll.cmp                                                                ;
; pll.ppf                                                                ;
; pll.qip                                                                ;
; pll.v                                                                  ;
; processor.v                                                            ;
; skeleton.qpf                                                           ;
; skeleton.qsf                                                           ;
; skeleton.v                                                             ;
; Documents/Duke/Teaching/ECE 350/Quartus9Projects/skeleton/skeleton.dpf ;
; assignment_defaults.qdf                                                ;
+------------------------------------------------------------------------+


+--------------------+
; Files Not Restored ;
+--------------------+
; File Name          ;
+--------------------+


